exports[`test renders correctly 1`] = `
<View
  style={
    Object {
      "backgroundColor": "silver",
      "flex": 1,
    }
  }>
  <Text
    accessible={true}
    allowFontScaling={true}
    ellipsizeMode="tail" />
  <Text
    accessible={true}
    allowFontScaling={true}
    ellipsizeMode="tail" />
  <Text
    accessible={true}
    allowFontScaling={true}
    ellipsizeMode="tail" />
  <Text
    accessible={true}
    allowFontScaling={true}
    ellipsizeMode="tail" />
  <Image
    source={1}
    style={
      Object {
        "alignSelf": "center",
        "height": 100,
        "width": 100,
      }
    } />
  <Text
    accessible={true}
    allowFontScaling={true}
    ellipsizeMode="tail" />
  <View
    accessibilityComponentType={undefined}
    accessibilityLabel={undefined}
    accessibilityTraits={undefined}
    accessible={true}
    hitSlop={undefined}
    isTVSelectable={true}
    onLayout={undefined}
    onResponderGrant={[Function]}
    onResponderMove={[Function]}
    onResponderRelease={[Function]}
    onResponderTerminate={[Function]}
    onResponderTerminationRequest={[Function]}
    onStartShouldSetResponder={[Function]}
    style={
      Object {
        "alignSelf": "center",
        "height": 150,
        "opacity": 1,
        "width": 200,
      }
    }
    testID={undefined}
    tvParallaxProperties={undefined}>
    <Image
      source={1}
      style={
        Object {
          "alignSelf": "center",
          "height": 150,
          "width": 200,
        }
      } />
  </View>
  <Text
    accessible={true}
    allowFontScaling={true}
    ellipsizeMode="tail">
    HELLO
  </Text>
  <Text
    accessible={true}
    allowFontScaling={true}
    ellipsizeMode="tail">
    HELLO
  </Text>
  <View
    accessibilityComponentType={undefined}
    accessibilityLabel={undefined}
    accessibilityTraits={undefined}
    accessible={true}
    hitSlop={undefined}
    isTVSelectable={true}
    onLayout={undefined}
    onResponderGrant={[Function]}
    onResponderMove={[Function]}
    onResponderRelease={[Function]}
    onResponderTerminate={[Function]}
    onResponderTerminationRequest={[Function]}
    onStartShouldSetResponder={[Function]}
    style={
      Object {
        "alignSelf": "center",
        "height": 150,
        "opacity": 1,
        "width": 200,
      }
    }
    testID={undefined}
    tvParallaxProperties={undefined}>
    <Image
      source={1}
      style={
        Object {
          "alignSelf": "center",
          "height": 150,
          "width": 200,
        }
      } />
  </View>
  <Text
    accessible={true}
    allowFontScaling={true}
    ellipsizeMode="tail" />
  <TextInput
    style={
      Object {
        "borderColor": "blue",
        "borderWidth": 1,
        "height": 40,
      }
    } />
  <View
    accessibilityComponentType="button"
    accessibilityLabel={undefined}
    accessibilityTraits={
      Array [
        "button",
      ]
    }
    accessible={true}
    hitSlop={undefined}
    isTVSelectable={true}
    onLayout={undefined}
    onResponderGrant={[Function]}
    onResponderMove={[Function]}
    onResponderRelease={[Function]}
    onResponderTerminate={[Function]}
    onResponderTerminationRequest={[Function]}
    onStartShouldSetResponder={[Function]}
    style={
      Object {
        "opacity": 1,
      }
    }
    testID={undefined}
    tvParallaxProperties={undefined}>
    <View
      style={
        Array [
          Object {},
        ]
      }>
      <Text
        accessible={true}
        allowFontScaling={true}
        ellipsizeMode="tail"
        style={
          Array [
            Object {
              "color": "#0C42FD",
              "fontSize": 18,
              "padding": 8,
              "textAlign": "center",
            },
          ]
        }>
        Share
      </Text>
    </View>
  </View>
</View>
`;
